CMD TEST RESULT 0x0000000b
CMD TEST RESULT 0x0000000b
