CMD TEST RESULT 34 2629
CMD TEST RESULT 1 35
CMD TEST RESULT 16 2548
