
------ Fichier ELF "./res/exempleELF.o" : sections lues lors du chargement ------
